[koeln.ccc.de/archiv/cyphernomicon/cyphernomicon.contents.html]
[backblue.gif]
[fade.gif]
[index.html]
[koeln.ccc.de/icons/back.gif]
[koeln.ccc.de/archiv/cyphernomicon/1.html]
[koeln.ccc.de/archiv/cyphernomicon/2.html]
[koeln.ccc.de/archiv/cyphernomicon/3.html]
[koeln.ccc.de/archiv/cyphernomicon/4.html]
[koeln.ccc.de/archiv/cyphernomicon/5.html]
[koeln.ccc.de/archiv/cyphernomicon/6.html]
[koeln.ccc.de/archiv/cyphernomicon/7.html]
[koeln.ccc.de/archiv/cyphernomicon/8.html]
[koeln.ccc.de/archiv/cyphernomicon/9.html]
[koeln.ccc.de/archiv/cyphernomicon/10.html]
[koeln.ccc.de/archiv/cyphernomicon/11.html]
[koeln.ccc.de/archiv/cyphernomicon/12.html]
[koeln.ccc.de/archiv/cyphernomicon/13.html]
[koeln.ccc.de/archiv/cyphernomicon/14.html]
[koeln.ccc.de/archiv/cyphernomicon/15.html]
[koeln.ccc.de/archiv/cyphernomicon/16.html]
[koeln.ccc.de/archiv/cyphernomicon/17.html]
[koeln.ccc.de/archiv/cyphernomicon/18.html]
[koeln.ccc.de/archiv/cyphernomicon/19.html]
[koeln.ccc.de/archiv/cyphernomicon/20.html]
[koeln.ccc.de/archiv/cyphernomicon/cyphernomicon.contents.html]
[koeln.ccc.de/archiv/cyphernomicon/chapter1/1.1.html]
[koeln.ccc.de/archiv/cyphernomicon/chapter1/1.2.html]
[koeln.ccc.de/archiv/cyphernomicon/chapter1/1.3.html]
[koeln.ccc.de/archiv/cyphernomicon/chapter1/1.4.html]
[koeln.ccc.de/archiv/cyphernomicon/chapter1/1.5.html]
[koeln.ccc.de/archiv/cyphernomicon/chapter1/1.6.html]
[koeln.ccc.de/archiv/cyphernomicon/chapter1/1.7.html]
[koeln.ccc.de/archiv/cyphernomicon/chapter1/1.8.html]
[koeln.ccc.de/archiv/cyphernomicon/chapter1/1.9.html]
[koeln.ccc.de/archiv/cyphernomicon/chapter1/1.10.html]
[koeln.ccc.de/archiv/cyphernomicon/1.html]
[koeln.ccc.de/archiv/cyphernomicon/chapter2/2.1.html]
[koeln.ccc.de/archiv/cyphernomicon/chapter2/2.2.html]
[koeln.ccc.de/archiv/cyphernomicon/chapter2/2.3.html]
[koeln.ccc.de/archiv/cyphernomicon/chapter2/2.5.html]
[koeln.ccc.de/archiv/cyphernomicon/chapter2/2.6.html]
[koeln.ccc.de/archiv/cyphernomicon/chapter2/2.4.html]
[koeln.ccc.de/archiv/cyphernomicon/chapter2/2.7.html]
[koeln.ccc.de/archiv/cyphernomicon/chapter2/2.8.html]
[koeln.ccc.de/archiv/cyphernomicon/chapter2/2.9.html]
[koeln.ccc.de/archiv/cyphernomicon/chapter2/2.10.html]
[koeln.ccc.de/archiv/cyphernomicon/chapter2/2.11.html]
[koeln.ccc.de/archiv/cyphernomicon/chapter2/2.12.html]
[koeln.ccc.de/archiv/cyphernomicon/chapter2/2.13.html]
[koeln.ccc.de/archiv/cyphernomicon/chapter2/2.14.html]
[koeln.ccc.de/archiv/cyphernomicon/chapter2/2.15.html]
[koeln.ccc.de/archiv/cyphernomicon/2.html]
[koeln.ccc.de/archiv/cyphernomicon/chapter3/3.1.html]
[koeln.ccc.de/archiv/cyphernomicon/chapter3/3.2.html]
[koeln.ccc.de/archiv/cyphernomicon/chapter3/3.3.html]
[koeln.ccc.de/archiv/cyphernomicon/chapter3/3.4.html]
[koeln.ccc.de/archiv/cyphernomicon/chapter3/3.5.html]
[koeln.ccc.de/archiv/cyphernomicon/chapter3/3.6.html]
[koeln.ccc.de/archiv/cyphernomicon/chapter3/3.7.html]
[koeln.ccc.de/archiv/cyphernomicon/chapter3/3.8.html]
[koeln.ccc.de/archiv/cyphernomicon/3.html]
[koeln.ccc.de/archiv/cyphernomicon/chapter4/4.1.html]
[koeln.ccc.de/archiv/cyphernomicon/chapter4/4.2.html]
[koeln.ccc.de/archiv/cyphernomicon/chapter4/4.3.html]
[koeln.ccc.de/archiv/cyphernomicon/chapter4/4.4.html]
[koeln.ccc.de/archiv/cyphernomicon/chapter4/4.5.html]
[koeln.ccc.de/archiv/cyphernomicon/chapter4/4.6.html]
[koeln.ccc.de/archiv/cyphernomicon/chapter4/4.7.html]
[koeln.ccc.de/archiv/cyphernomicon/chapter4/4.8.html]
[koeln.ccc.de/archiv/cyphernomicon/chapter4/4.9.html]
[koeln.ccc.de/archiv/cyphernomicon/chapter4/4.10.html]
[koeln.ccc.de/archiv/cyphernomicon/chapter4/4.11.html]
[koeln.ccc.de/archiv/cyphernomicon/4.html]
[koeln.ccc.de/archiv/cyphernomicon/chapter4/4.12.html]
[koeln.ccc.de/archiv/cyphernomicon/chapter5/5.1.html]
[koeln.ccc.de/archiv/cyphernomicon/chapter5/5.2.html]
[koeln.ccc.de/archiv/cyphernomicon/chapter5/5.3.html]
[koeln.ccc.de/archiv/cyphernomicon/chapter5/5.4.html]
[koeln.ccc.de/archiv/cyphernomicon/chapter5/5.5.html]
[koeln.ccc.de/archiv/cyphernomicon/chapter5/5.6.html]
[koeln.ccc.de/archiv/cyphernomicon/chapter5/5.7.html]
[koeln.ccc.de/archiv/cyphernomicon/chapter5/5.8.html]
[koeln.ccc.de/archiv/cyphernomicon/chapter5/5.9.html]
[koeln.ccc.de/archiv/cyphernomicon/chapter5/5.10.html]
[koeln.ccc.de/archiv/cyphernomicon/chapter5/5.11.html]
[koeln.ccc.de/archiv/cyphernomicon/chapter5/5.12.html]
[koeln.ccc.de/archiv/cyphernomicon/5.html]
[koeln.ccc.de/archiv/cyphernomicon/chapter6/6.1.html]
[koeln.ccc.de/archiv/cyphernomicon/chapter6/6.2.html]
[koeln.ccc.de/archiv/cyphernomicon/chapter6/6.3.html]
[koeln.ccc.de/archiv/cyphernomicon/chapter6/6.4.html]
[koeln.ccc.de/archiv/cyphernomicon/chapter6/6.5.html]
[koeln.ccc.de/archiv/cyphernomicon/chapter6/6.6.html]
[koeln.ccc.de/archiv/cyphernomicon/chapter6/6.7.html]
[koeln.ccc.de/archiv/cyphernomicon/chapter6/6.8.html]
[koeln.ccc.de/archiv/cyphernomicon/chapter6/6.9.html]
[koeln.ccc.de/archiv/cyphernomicon/chapter6/6.10.html]
[koeln.ccc.de/archiv/cyphernomicon/6.html]
[koeln.ccc.de/archiv/cyphernomicon/chapter7/7.1.html]
[koeln.ccc.de/archiv/cyphernomicon/chapter7/7.2.html]
[koeln.ccc.de/archiv/cyphernomicon/chapter7/7.3.html]
[koeln.ccc.de/archiv/cyphernomicon/chapter7/7.4.html]
[koeln.ccc.de/archiv/cyphernomicon/chapter7/7.5.html]
[koeln.ccc.de/archiv/cyphernomicon/chapter7/7.6.html]
[koeln.ccc.de/archiv/cyphernomicon/chapter7/7.7.html]
[koeln.ccc.de/archiv/cyphernomicon/chapter7/7.8.html]
[koeln.ccc.de/archiv/cyphernomicon/chapter7/7.9.html]
[koeln.ccc.de/archiv/cyphernomicon/chapter7/7.10.html]
[koeln.ccc.de/archiv/cyphernomicon/chapter7/7.11.html]
[koeln.ccc.de/archiv/cyphernomicon/chapter7/7.12.html]
[koeln.ccc.de/archiv/cyphernomicon/chapter7/7.13.html]
[koeln.ccc.de/archiv/cyphernomicon/chapter7/7.14.html]
[koeln.ccc.de/archiv/cyphernomicon/chapter7/7.15.html]
[koeln.ccc.de/archiv/cyphernomicon/7.html]
[koeln.ccc.de/archiv/cyphernomicon/chapter8/8.1.html]
[koeln.ccc.de/archiv/cyphernomicon/chapter8/8.2.html]
[koeln.ccc.de/archiv/cyphernomicon/chapter8/8.3.html]
[koeln.ccc.de/archiv/cyphernomicon/chapter8/8.4.html]
[koeln.ccc.de/archiv/cyphernomicon/chapter8/8.5.html]
[koeln.ccc.de/archiv/cyphernomicon/chapter8/8.6.html]
[koeln.ccc.de/archiv/cyphernomicon/chapter8/8.7.html]
[koeln.ccc.de/archiv/cyphernomicon/chapter8/8.8.html]
[koeln.ccc.de/archiv/cyphernomicon/chapter8/8.9.html]
[koeln.ccc.de/archiv/cyphernomicon/chapter8/8.10.html]
[koeln.ccc.de/archiv/cyphernomicon/chapter8/8.11.html]
[koeln.ccc.de/archiv/cyphernomicon/chapter8/8.12.html]
[koeln.ccc.de/archiv/cyphernomicon/chapter8/8.13.html]
[koeln.ccc.de/archiv/cyphernomicon/8.html]
[koeln.ccc.de/archiv/cyphernomicon/chapter9/9.1.html]
[koeln.ccc.de/archiv/cyphernomicon/chapter9/9.2.html]
[koeln.ccc.de/archiv/cyphernomicon/chapter9/9.3.html]
[koeln.ccc.de/archiv/cyphernomicon/chapter9/9.4.html]
[koeln.ccc.de/archiv/cyphernomicon/chapter9/9.5.html]
[koeln.ccc.de/archiv/cyphernomicon/chapter9/9.6.html]
[koeln.ccc.de/archiv/cyphernomicon/chapter9/9.7.html]
[koeln.ccc.de/archiv/cyphernomicon/chapter9/9.8.html]
[koeln.ccc.de/archiv/cyphernomicon/chapter9/9.9.html]
[koeln.ccc.de/archiv/cyphernomicon/chapter9/9.10.html]
[koeln.ccc.de/archiv/cyphernomicon/chapter9/9.11.html]
[koeln.ccc.de/archiv/cyphernomicon/chapter9/9.12.html]
[koeln.ccc.de/archiv/cyphernomicon/chapter9/9.13.html]
[koeln.ccc.de/archiv/cyphernomicon/chapter9/9.14.html]
[koeln.ccc.de/archiv/cyphernomicon/chapter9/9.15.html]
[koeln.ccc.de/archiv/cyphernomicon/chapter9/9.16.html]
[koeln.ccc.de/archiv/cyphernomicon/chapter9/9.17.html]
[koeln.ccc.de/archiv/cyphernomicon/chapter9/9.18.html]
[koeln.ccc.de/archiv/cyphernomicon/chapter9/9.19.html]
[koeln.ccc.de/archiv/cyphernomicon/9.html]
[koeln.ccc.de/archiv/cyphernomicon/chapter10/10.1.html]
[koeln.ccc.de/archiv/cyphernomicon/chapter10/10.2.html]
[koeln.ccc.de/archiv/cyphernomicon/chapter10/10.3.html]
[koeln.ccc.de/archiv/cyphernomicon/chapter10/10.4.html]
[koeln.ccc.de/archiv/cyphernomicon/chapter10/10.5.html]
[koeln.ccc.de/archiv/cyphernomicon/chapter10/10.6.html]
[koeln.ccc.de/archiv/cyphernomicon/chapter10/10.7.html]
[koeln.ccc.de/archiv/cyphernomicon/chapter10/10.8.html]
[koeln.ccc.de/archiv/cyphernomicon/chapter10/10.9.html]
[koeln.ccc.de/archiv/cyphernomicon/chapter10/10.10.html]
[koeln.ccc.de/archiv/cyphernomicon/chapter10/10.11.html]
[koeln.ccc.de/archiv/cyphernomicon/chapter10/10.12.html]
[koeln.ccc.de/archiv/cyphernomicon/chapter10/10.13.html]
[koeln.ccc.de/archiv/cyphernomicon/chapter10/10.14.html]
[koeln.ccc.de/archiv/cyphernomicon/chapter10/10.15.html]
[koeln.ccc.de/archiv/cyphernomicon/chapter10/10.16.html]
[koeln.ccc.de/archiv/cyphernomicon/chapter10/10.17.html]
[koeln.ccc.de/archiv/cyphernomicon/chapter10/10.18.html]
[koeln.ccc.de/archiv/cyphernomicon/chapter10/10.19.html]
[koeln.ccc.de/archiv/cyphernomicon/chapter10/10.20.html]
[koeln.ccc.de/archiv/cyphernomicon/10.html]
[koeln.ccc.de/archiv/cyphernomicon/chapter10/10.21.html]
[koeln.ccc.de/archiv/cyphernomicon/chapter11/11.1.html]
[koeln.ccc.de/archiv/cyphernomicon/chapter11/11.2.html]
[koeln.ccc.de/archiv/cyphernomicon/chapter11/11.3.html]
[koeln.ccc.de/archiv/cyphernomicon/chapter11/11.4.html]
[koeln.ccc.de/archiv/cyphernomicon/chapter11/11.5.html]
[koeln.ccc.de/archiv/cyphernomicon/chapter11/11.6.html]
[koeln.ccc.de/archiv/cyphernomicon/chapter11/11.7.html]
[koeln.ccc.de/archiv/cyphernomicon/chapter11/11.8.html]
[koeln.ccc.de/archiv/cyphernomicon/chapter11/11.9.html]
[koeln.ccc.de/archiv/cyphernomicon/chapter11/11.10.html]
[koeln.ccc.de/archiv/cyphernomicon/chapter11/11.11.html]
[koeln.ccc.de/archiv/cyphernomicon/chapter11/11.12.html]
[koeln.ccc.de/archiv/cyphernomicon/chapter11/11.13.html]
[koeln.ccc.de/archiv/cyphernomicon/chapter11/11.14.html]
[koeln.ccc.de/archiv/cyphernomicon/chapter11/11.15.html]
[koeln.ccc.de/archiv/cyphernomicon/chapter11/11.16.html]
[koeln.ccc.de/archiv/cyphernomicon/chapter11/11.17.html]
[koeln.ccc.de/archiv/cyphernomicon/11.html]
[koeln.ccc.de/archiv/cyphernomicon/chapter12/12.1.html]
[koeln.ccc.de/archiv/cyphernomicon/chapter12/12.2.html]
[koeln.ccc.de/archiv/cyphernomicon/chapter12/12.3.html]
[koeln.ccc.de/archiv/cyphernomicon/chapter12/12.4.html]
[koeln.ccc.de/archiv/cyphernomicon/chapter12/12.5.html]
[koeln.ccc.de/archiv/cyphernomicon/chapter12/12.6.html]
[koeln.ccc.de/archiv/cyphernomicon/chapter12/12.7.html]
[koeln.ccc.de/archiv/cyphernomicon/chapter12/12.8.html]
[koeln.ccc.de/archiv/cyphernomicon/chapter12/12.9.html]
[koeln.ccc.de/archiv/cyphernomicon/chapter12/12.10.html]
[koeln.ccc.de/archiv/cyphernomicon/chapter12/12.11.html]
[koeln.ccc.de/archiv/cyphernomicon/chapter12/12.12.html]
[koeln.ccc.de/archiv/cyphernomicon/chapter12/12.13.html]
[koeln.ccc.de/archiv/cyphernomicon/chapter12/12.14.html]
[koeln.ccc.de/archiv/cyphernomicon/chapter12/12.15.html]
[koeln.ccc.de/archiv/cyphernomicon/chapter12/12.16.html]
[koeln.ccc.de/archiv/cyphernomicon/12.html]
[koeln.ccc.de/archiv/cyphernomicon/chapter12/12.17.html]
[koeln.ccc.de/archiv/cyphernomicon/chapter13/13.1.html]
[koeln.ccc.de/archiv/cyphernomicon/chapter13/13.2.html]
[koeln.ccc.de/archiv/cyphernomicon/chapter13/13.3.html]
[koeln.ccc.de/archiv/cyphernomicon/chapter13/13.4.html]
[koeln.ccc.de/archiv/cyphernomicon/chapter13/13.5.html]
[koeln.ccc.de/archiv/cyphernomicon/chapter13/13.6.html]
[koeln.ccc.de/archiv/cyphernomicon/chapter13/13.7.html]
[koeln.ccc.de/archiv/cyphernomicon/chapter13/13.8.html]
[koeln.ccc.de/archiv/cyphernomicon/chapter13/13.9.html]
[koeln.ccc.de/archiv/cyphernomicon/chapter13/13.10.html]
[koeln.ccc.de/archiv/cyphernomicon/chapter13/13.11.html]
[koeln.ccc.de/archiv/cyphernomicon/13.html]
[koeln.ccc.de/archiv/cyphernomicon/chapter14/14.1.html]
[koeln.ccc.de/archiv/cyphernomicon/chapter14/14.2.html]
[koeln.ccc.de/archiv/cyphernomicon/chapter14/14.3.html]
[koeln.ccc.de/archiv/cyphernomicon/chapter14/14.4.html]
[koeln.ccc.de/archiv/cyphernomicon/chapter14/14.5.html]
[koeln.ccc.de/archiv/cyphernomicon/chapter14/14.6.html]
[koeln.ccc.de/archiv/cyphernomicon/chapter14/14.7.html]
[koeln.ccc.de/archiv/cyphernomicon/chapter14/14.8.html]
[koeln.ccc.de/archiv/cyphernomicon/chapter14/14.9.html]
[koeln.ccc.de/archiv/cyphernomicon/chapter14/14.10.html]
[koeln.ccc.de/archiv/cyphernomicon/chapter14/14.11.html]
[koeln.ccc.de/archiv/cyphernomicon/chapter14/14.12.html]
[koeln.ccc.de/archiv/cyphernomicon/14.html]
[koeln.ccc.de/archiv/cyphernomicon/chapter15/15.1.html]
[koeln.ccc.de/archiv/cyphernomicon/chapter15/15.2.html]
[koeln.ccc.de/archiv/cyphernomicon/chapter15/15.3.html]
[koeln.ccc.de/archiv/cyphernomicon/chapter15/15.4.html]
[koeln.ccc.de/archiv/cyphernomicon/chapter15/15.5.html]
[koeln.ccc.de/archiv/cyphernomicon/chapter15/15.6.html]
[koeln.ccc.de/archiv/cyphernomicon/chapter15/15.7.html]
[koeln.ccc.de/archiv/cyphernomicon/chapter15/15.8.html]
[koeln.ccc.de/archiv/cyphernomicon/chapter15/15.9.html]
[koeln.ccc.de/archiv/cyphernomicon/chapter15/15.10.html]
[koeln.ccc.de/archiv/cyphernomicon/chapter15/15.11.html]
[koeln.ccc.de/archiv/cyphernomicon/15.html]
[koeln.ccc.de/archiv/cyphernomicon/chapter16/16.1.html]
[koeln.ccc.de/archiv/cyphernomicon/chapter16/16.2.html]
[koeln.ccc.de/archiv/cyphernomicon/chapter16/16.3.html]
[koeln.ccc.de/archiv/cyphernomicon/chapter16/16.4.html]
[koeln.ccc.de/archiv/cyphernomicon/chapter16/16.5.html]
[koeln.ccc.de/archiv/cyphernomicon/chapter16/16.6.html]
[koeln.ccc.de/archiv/cyphernomicon/chapter16/16.7.html]
[koeln.ccc.de/archiv/cyphernomicon/chapter16/16.8.html]
[koeln.ccc.de/archiv/cyphernomicon/chapter16/16.9.html]
[koeln.ccc.de/archiv/cyphernomicon/chapter16/16.10.html]
[koeln.ccc.de/archiv/cyphernomicon/chapter16/16.11.html]
[koeln.ccc.de/archiv/cyphernomicon/chapter16/16.12.html]
[koeln.ccc.de/archiv/cyphernomicon/chapter16/16.13.html]
[koeln.ccc.de/archiv/cyphernomicon/chapter16/16.14.html]
[koeln.ccc.de/archiv/cyphernomicon/chapter16/16.15.html]
[koeln.ccc.de/archiv/cyphernomicon/chapter16/16.16.html]
[koeln.ccc.de/archiv/cyphernomicon/chapter16/16.17.html]
[koeln.ccc.de/archiv/cyphernomicon/chapter16/16.18.html]
[koeln.ccc.de/archiv/cyphernomicon/chapter16/16.19.html]
[koeln.ccc.de/archiv/cyphernomicon/chapter16/16.20.html]
[koeln.ccc.de/archiv/cyphernomicon/chapter16/16.21.html]
[koeln.ccc.de/archiv/cyphernomicon/chapter16/16.22.html]
[koeln.ccc.de/archiv/cyphernomicon/chapter16/16.23.html]
[koeln.ccc.de/archiv/cyphernomicon/chapter16/16.24.html]
[koeln.ccc.de/archiv/cyphernomicon/chapter16/16.25.html]
[koeln.ccc.de/archiv/cyphernomicon/chapter16/16.26.html]
[koeln.ccc.de/archiv/cyphernomicon/chapter16/16.27.html]
[koeln.ccc.de/archiv/cyphernomicon/chapter16/16.28.html]
[koeln.ccc.de/archiv/cyphernomicon/chapter16/16.29.html]
[koeln.ccc.de/archiv/cyphernomicon/chapter16/16.30.html]
[koeln.ccc.de/archiv/cyphernomicon/16.html]
[koeln.ccc.de/archiv/cyphernomicon/chapter17/17.1.html]
[koeln.ccc.de/archiv/cyphernomicon/chapter17/17.2.html]
[koeln.ccc.de/archiv/cyphernomicon/chapter17/17.3.html]
[koeln.ccc.de/archiv/cyphernomicon/chapter17/17.4.html]
[koeln.ccc.de/archiv/cyphernomicon/chapter17/17.5.html]
[koeln.ccc.de/archiv/cyphernomicon/chapter17/17.6.html]
[koeln.ccc.de/archiv/cyphernomicon/chapter17/17.7.html]
[koeln.ccc.de/archiv/cyphernomicon/chapter17/17.8.html]
[koeln.ccc.de/archiv/cyphernomicon/chapter17/17.9.html]
[koeln.ccc.de/archiv/cyphernomicon/chapter17/17.10.html]
[koeln.ccc.de/archiv/cyphernomicon/chapter17/17.11.html]
[koeln.ccc.de/archiv/cyphernomicon/chapter17/17.12.html]
[koeln.ccc.de/archiv/cyphernomicon/chapter17/17.13.html]
[koeln.ccc.de/archiv/cyphernomicon/chapter17/17.14.html]
[koeln.ccc.de/archiv/cyphernomicon/17.html]
[koeln.ccc.de/archiv/cyphernomicon/chapter18/18.1.html]
[koeln.ccc.de/archiv/cyphernomicon/chapter18/18.2.html]
[koeln.ccc.de/archiv/cyphernomicon/chapter18/18.3.html]
[koeln.ccc.de/archiv/cyphernomicon/chapter18/18.4.html]
[koeln.ccc.de/archiv/cyphernomicon/chapter18/18.5.html]
[koeln.ccc.de/archiv/cyphernomicon/chapter18/18.6.html]
[koeln.ccc.de/archiv/cyphernomicon/chapter18/18.7.html]
[koeln.ccc.de/archiv/cyphernomicon/chapter18/18.8.html]
[koeln.ccc.de/archiv/cyphernomicon/chapter18/18.9.html]
[koeln.ccc.de/archiv/cyphernomicon/chapter18/18.10.html]
[koeln.ccc.de/archiv/cyphernomicon/chapter18/18.11.html]
[koeln.ccc.de/archiv/cyphernomicon/chapter18/18.12.html]
[koeln.ccc.de/archiv/cyphernomicon/chapter18/18.13.html]
[koeln.ccc.de/archiv/cyphernomicon/chapter18/18.14.html]
[koeln.ccc.de/archiv/cyphernomicon/chapter18/18.15.html]
[koeln.ccc.de/archiv/cyphernomicon/chapter18/18.16.html]
[koeln.ccc.de/archiv/cyphernomicon/chapter18/18.17.html]
[koeln.ccc.de/archiv/cyphernomicon/chapter18/18.18.html]
[koeln.ccc.de/archiv/cyphernomicon/18.html]
[koeln.ccc.de/archiv/cyphernomicon/chapter19/19.1.html]
[koeln.ccc.de/archiv/cyphernomicon/chapter19/19.2.html]
[koeln.ccc.de/archiv/cyphernomicon/chapter19/19.3.html]
[koeln.ccc.de/archiv/cyphernomicon/chapter19/19.4.html]
[koeln.ccc.de/archiv/cyphernomicon/chapter19/19.5.html]
[koeln.ccc.de/archiv/cyphernomicon/chapter19/19.6.html]
[koeln.ccc.de/archiv/cyphernomicon/chapter19/19.7.html]
[koeln.ccc.de/archiv/cyphernomicon/chapter19/19.8.html]
[koeln.ccc.de/archiv/cyphernomicon/19.html]
[koeln.ccc.de/archiv/cyphernomicon/chapter20/20.2.html]
[koeln.ccc.de/archiv/cyphernomicon/chapter20/20.3.html]
[koeln.ccc.de/archiv/cyphernomicon/chapter20/20.4.html]
[koeln.ccc.de/archiv/cyphernomicon/chapter20/20.5.html]
[koeln.ccc.de/archiv/cyphernomicon/chapter20/20.6.html]
[koeln.ccc.de/archiv/cyphernomicon/chapter20/20.7.html]
[koeln.ccc.de/archiv/cyphernomicon/chapter20/20.8.html]
[koeln.ccc.de/archiv/cyphernomicon/20.html]
[koeln.ccc.de/archiv/cyphernomicon/chapter1/1.1.html]
[koeln.ccc.de/archiv/cyphernomicon/chapter1/1.2.html]
[koeln.ccc.de/archiv/cyphernomicon/chapter1/1.3.html]
[koeln.ccc.de/archiv/cyphernomicon/chapter1/1.4.html]
[koeln.ccc.de/archiv/cyphernomicon/chapter1/1.5.html]
[koeln.ccc.de/archiv/cyphernomicon/chapter1/1.6.html]
[koeln.ccc.de/archiv/cyphernomicon/chapter1/1.7.html]
[koeln.ccc.de/archiv/cyphernomicon/chapter1/1.8.html]
[koeln.ccc.de/archiv/cyphernomicon/chapter1/1.9.html]
[koeln.ccc.de/archiv/cyphernomicon/chapter1/1.10.html]
[koeln.ccc.de/archiv/cyphernomicon/.html]
[koeln.ccc.de/archiv/cyphernomicon/chapter2/2.1.html]
[koeln.ccc.de/archiv/cyphernomicon/chapter2/2.2.html]
[koeln.ccc.de/archiv/cyphernomicon/chapter2/2.3.html]
[koeln.ccc.de/archiv/cyphernomicon/chapter2/2.4.html]
[koeln.ccc.de/archiv/cyphernomicon/chapter2/2.5.html]
[koeln.ccc.de/archiv/cyphernomicon/chapter2/2.6.html]
[koeln.ccc.de/archiv/cyphernomicon/chapter2/2.7.html]
[koeln.ccc.de/archiv/cyphernomicon/chapter2/2.8.html]
[koeln.ccc.de/archiv/cyphernomicon/chapter2/2.9.html]
[koeln.ccc.de/archiv/cyphernomicon/chapter2/2.10.html]
[koeln.ccc.de/archiv/cyphernomicon/chapter2/2.11.html]
[koeln.ccc.de/archiv/cyphernomicon/chapter2/2.12.html]
[koeln.ccc.de/archiv/cyphernomicon/chapter2/2.13.html]
[koeln.ccc.de/archiv/cyphernomicon/chapter2/2.14.html]
[koeln.ccc.de/archiv/cyphernomicon/chapter2/2.15.html]
[koeln.ccc.de/archiv/cyphernomicon/chapter3/3.1.html]
[koeln.ccc.de/archiv/cyphernomicon/chapter3/3.2.html]
[koeln.ccc.de/archiv/cyphernomicon/chapter3/3.3.html]
[koeln.ccc.de/archiv/cyphernomicon/chapter3/3.4.html]
[koeln.ccc.de/archiv/cyphernomicon/chapter3/3.5.html]
[koeln.ccc.de/archiv/cyphernomicon/chapter3/3.6.html]
[koeln.ccc.de/archiv/cyphernomicon/chapter3/3.7.html]
[koeln.ccc.de/archiv/cyphernomicon/chapter3/3.8.html]
[koeln.ccc.de/archiv/cyphernomicon/chapter4/4.1.html]
[koeln.ccc.de/archiv/cyphernomicon/chapter4/4.2.html]
[koeln.ccc.de/archiv/cyphernomicon/chapter4/4.3.html]
[koeln.ccc.de/archiv/cyphernomicon/chapter4/4.4.html]
[koeln.ccc.de/archiv/cyphernomicon/chapter4/4.5.html]
[koeln.ccc.de/archiv/cyphernomicon/chapter4/4.6.html]
[koeln.ccc.de/archiv/cyphernomicon/chapter4/4.7.html]
[koeln.ccc.de/archiv/cyphernomicon/chapter4/4.8.html]
[koeln.ccc.de/archiv/cyphernomicon/chapter4/4.9.html]
[koeln.ccc.de/archiv/cyphernomicon/chapter4/4.10.html]
[koeln.ccc.de/archiv/cyphernomicon/chapter4/4.11.html]
[koeln.ccc.de/archiv/cyphernomicon/chapter4/4.12.html]
[koeln.ccc.de/archiv/cyphernomicon/chapter5/5.1.html]
[koeln.ccc.de/archiv/cyphernomicon/chapter5/5.2.html]
[koeln.ccc.de/archiv/cyphernomicon/chapter5/5.3.html]
[koeln.ccc.de/archiv/cyphernomicon/chapter5/5.4.html]
[koeln.ccc.de/archiv/cyphernomicon/chapter5/5.5.html]
[koeln.ccc.de/archiv/cyphernomicon/chapter5/5.6.html]
[koeln.ccc.de/archiv/cyphernomicon/chapter5/5.7.html]
[koeln.ccc.de/archiv/cyphernomicon/chapter5/5.8.html]
[koeln.ccc.de/archiv/cyphernomicon/chapter5/5.9.html]
[koeln.ccc.de/archiv/cyphernomicon/chapter5/5.10.html]
[koeln.ccc.de/archiv/cyphernomicon/chapter5/5.11.html]
[koeln.ccc.de/archiv/cyphernomicon/chapter5/5.12.html]
[koeln.ccc.de/archiv/cyphernomicon/chapter6/6.1.html]
[koeln.ccc.de/archiv/cyphernomicon/chapter6/6.2.html]
[koeln.ccc.de/archiv/cyphernomicon/chapter6/6.3.html]
[koeln.ccc.de/archiv/cyphernomicon/chapter6/6.4.html]
[koeln.ccc.de/archiv/cyphernomicon/chapter6/6.5.html]
[koeln.ccc.de/archiv/cyphernomicon/chapter6/6.6.html]
[koeln.ccc.de/archiv/cyphernomicon/chapter6/6.7.html]
[koeln.ccc.de/archiv/cyphernomicon/chapter6/6.8.html]
[koeln.ccc.de/archiv/cyphernomicon/chapter6/6.9.html]
[koeln.ccc.de/archiv/cyphernomicon/chapter6/6.10.html]
[koeln.ccc.de/archiv/cyphernomicon/chapter7/7.1.html]
[koeln.ccc.de/archiv/cyphernomicon/chapter7/7.2.html]
[koeln.ccc.de/archiv/cyphernomicon/chapter7/7.3.html]
[koeln.ccc.de/archiv/cyphernomicon/chapter7/7.4.html]
[koeln.ccc.de/archiv/cyphernomicon/chapter7/7.5.html]
[koeln.ccc.de/archiv/cyphernomicon/chapter7/7.6.html]
[koeln.ccc.de/archiv/cyphernomicon/chapter7/7.7.html]
[koeln.ccc.de/archiv/cyphernomicon/chapter7/7.8.html]
[koeln.ccc.de/archiv/cyphernomicon/chapter7/7.9.html]
[koeln.ccc.de/archiv/cyphernomicon/chapter7/7.10.html]
[koeln.ccc.de/archiv/cyphernomicon/chapter7/7.11.html]
[koeln.ccc.de/archiv/cyphernomicon/chapter7/7.12.html]
[koeln.ccc.de/archiv/cyphernomicon/chapter7/7.13.html]
[koeln.ccc.de/archiv/cyphernomicon/chapter7/7.14.html]
[koeln.ccc.de/archiv/cyphernomicon/chapter7/7.15.html]
[koeln.ccc.de/archiv/cyphernomicon/chapter8/8.1.html]
[koeln.ccc.de/archiv/cyphernomicon/chapter8/8.2.html]
[koeln.ccc.de/archiv/cyphernomicon/chapter8/8.3.html]
[koeln.ccc.de/archiv/cyphernomicon/chapter8/8.4.html]
[koeln.ccc.de/archiv/cyphernomicon/chapter8/8.5.html]
[koeln.ccc.de/archiv/cyphernomicon/chapter8/8.6.html]
[koeln.ccc.de/archiv/cyphernomicon/chapter8/8.7.html]
[koeln.ccc.de/archiv/cyphernomicon/chapter8/8.8.html]
[koeln.ccc.de/archiv/cyphernomicon/chapter8/8.9.html]
[koeln.ccc.de/archiv/cyphernomicon/chapter8/8.10.html]
[koeln.ccc.de/archiv/cyphernomicon/chapter8/8.11.html]
[koeln.ccc.de/archiv/cyphernomicon/chapter8/8.12.html]
[koeln.ccc.de/archiv/cyphernomicon/chapter8/8.13.html]
[koeln.ccc.de/archiv/cyphernomicon/chapter9/9.1.html]
[koeln.ccc.de/archiv/cyphernomicon/chapter9/9.2.html]
[koeln.ccc.de/archiv/cyphernomicon/chapter9/9.3.html]
[koeln.ccc.de/archiv/cyphernomicon/chapter9/9.4.html]
[koeln.ccc.de/archiv/cyphernomicon/chapter9/9.5.html]
[koeln.ccc.de/archiv/cyphernomicon/chapter9/9.6.html]
[koeln.ccc.de/archiv/cyphernomicon/chapter9/9.7.html]
[koeln.ccc.de/archiv/cyphernomicon/chapter9/9.8.html]
[koeln.ccc.de/archiv/cyphernomicon/chapter9/9.9.html]
[koeln.ccc.de/archiv/cyphernomicon/chapter9/9.10.html]
[koeln.ccc.de/archiv/cyphernomicon/chapter9/9.11.html]
[koeln.ccc.de/archiv/cyphernomicon/chapter9/9.12.html]
[koeln.ccc.de/archiv/cyphernomicon/chapter9/9.13.html]
[koeln.ccc.de/archiv/cyphernomicon/chapter9/9.14.html]
[koeln.ccc.de/archiv/cyphernomicon/chapter9/9.15.html]
[koeln.ccc.de/archiv/cyphernomicon/chapter9/9.16.html]
[koeln.ccc.de/archiv/cyphernomicon/chapter9/9.17.html]
[koeln.ccc.de/archiv/cyphernomicon/chapter9/9.18.html]
[koeln.ccc.de/archiv/cyphernomicon/chapter9/9.19.html]
[koeln.ccc.de/archiv/cyphernomicon/chapter10/10.1.html]
[koeln.ccc.de/archiv/cyphernomicon/chapter10/10.2.html]
[koeln.ccc.de/archiv/cyphernomicon/chapter10/10.3.html]
[koeln.ccc.de/archiv/cyphernomicon/chapter10/10.4.html]
[koeln.ccc.de/archiv/cyphernomicon/chapter10/10.5.html]
[koeln.ccc.de/archiv/cyphernomicon/chapter10/10.6.html]
[koeln.ccc.de/archiv/cyphernomicon/chapter10/10.7.html]
[koeln.ccc.de/archiv/cyphernomicon/chapter10/10.8.html]
[koeln.ccc.de/archiv/cyphernomicon/chapter10/10.9.html]
[koeln.ccc.de/archiv/cyphernomicon/chapter10/10.10.html]
[koeln.ccc.de/archiv/cyphernomicon/chapter10/10.11.html]
[koeln.ccc.de/archiv/cyphernomicon/chapter10/10.12.html]
[koeln.ccc.de/archiv/cyphernomicon/chapter10/10.13.html]
[koeln.ccc.de/archiv/cyphernomicon/chapter10/10.14.html]
[koeln.ccc.de/archiv/cyphernomicon/chapter10/10.15.html]
[koeln.ccc.de/archiv/cyphernomicon/chapter10/10.16.html]
[koeln.ccc.de/archiv/cyphernomicon/chapter10/10.17.html]
[koeln.ccc.de/archiv/cyphernomicon/chapter10/10.18.html]
[koeln.ccc.de/archiv/cyphernomicon/chapter10/10.19.html]
[koeln.ccc.de/archiv/cyphernomicon/chapter10/10.20.html]
[koeln.ccc.de/archiv/cyphernomicon/chapter10/10.21.html]
[koeln.ccc.de/archiv/cyphernomicon/chapter11/11.1.html]
[koeln.ccc.de/archiv/cyphernomicon/chapter11/11.2.html]
[koeln.ccc.de/archiv/cyphernomicon/chapter11/11.3.html]
[koeln.ccc.de/archiv/cyphernomicon/chapter11/11.4.html]
[koeln.ccc.de/archiv/cyphernomicon/chapter11/11.5.html]
[koeln.ccc.de/archiv/cyphernomicon/chapter11/11.6.html]
[koeln.ccc.de/archiv/cyphernomicon/chapter11/11.7.html]
[koeln.ccc.de/archiv/cyphernomicon/chapter11/11.8.html]
[koeln.ccc.de/archiv/cyphernomicon/chapter11/11.9.html]
[koeln.ccc.de/archiv/cyphernomicon/chapter11/11.10.html]
[koeln.ccc.de/archiv/cyphernomicon/chapter11/11.11.html]
[koeln.ccc.de/archiv/cyphernomicon/chapter11/11.12.html]
[koeln.ccc.de/archiv/cyphernomicon/chapter11/11.13.html]
[koeln.ccc.de/archiv/cyphernomicon/chapter11/11.14.html]
[koeln.ccc.de/archiv/cyphernomicon/chapter11/11.15.html]
[koeln.ccc.de/archiv/cyphernomicon/chapter11/11.16.html]
[koeln.ccc.de/archiv/cyphernomicon/chapter11/11.17.html]
[koeln.ccc.de/archiv/cyphernomicon/chapter12/12.1.html]
[koeln.ccc.de/archiv/cyphernomicon/chapter12/12.2.html]
[koeln.ccc.de/archiv/cyphernomicon/chapter12/12.3.html]
[koeln.ccc.de/archiv/cyphernomicon/chapter12/12.4.html]
[koeln.ccc.de/archiv/cyphernomicon/chapter12/12.5.html]
[koeln.ccc.de/archiv/cyphernomicon/chapter12/12.6.html]
[koeln.ccc.de/archiv/cyphernomicon/chapter12/12.7.html]
[koeln.ccc.de/archiv/cyphernomicon/chapter12/12.8.html]
[koeln.ccc.de/archiv/cyphernomicon/chapter12/12.9.html]
[koeln.ccc.de/archiv/cyphernomicon/chapter12/12.10.html]
[koeln.ccc.de/archiv/cyphernomicon/chapter12/12.11.html]
[koeln.ccc.de/archiv/cyphernomicon/chapter12/12.12.html]
[koeln.ccc.de/archiv/cyphernomicon/chapter12/12.13.html]
[koeln.ccc.de/archiv/cyphernomicon/chapter12/12.14.html]
[koeln.ccc.de/archiv/cyphernomicon/chapter12/12.15.html]
[koeln.ccc.de/archiv/cyphernomicon/chapter12/12.16.html]
[koeln.ccc.de/archiv/cyphernomicon/chapter12/12.17.html]
[koeln.ccc.de/archiv/cyphernomicon/chapter13/13.1.html]
[koeln.ccc.de/archiv/cyphernomicon/chapter13/13.2.html]
[koeln.ccc.de/archiv/cyphernomicon/chapter13/13.3.html]
[koeln.ccc.de/archiv/cyphernomicon/chapter13/13.4.html]
[koeln.ccc.de/archiv/cyphernomicon/chapter13/13.5.html]
[koeln.ccc.de/archiv/cyphernomicon/chapter13/13.6.html]
[koeln.ccc.de/archiv/cyphernomicon/chapter13/13.7.html]
[koeln.ccc.de/archiv/cyphernomicon/chapter13/13.8.html]
[koeln.ccc.de/archiv/cyphernomicon/chapter13/13.9.html]
[koeln.ccc.de/archiv/cyphernomicon/chapter13/13.10.html]
[koeln.ccc.de/archiv/cyphernomicon/chapter13/13.11.html]
[koeln.ccc.de/archiv/cyphernomicon/chapter14/14.1.html]
[koeln.ccc.de/archiv/cyphernomicon/chapter14/14.2.html]
[koeln.ccc.de/archiv/cyphernomicon/chapter14/14.3.html]
[koeln.ccc.de/archiv/cyphernomicon/chapter14/14.4.html]
[koeln.ccc.de/archiv/cyphernomicon/chapter14/14.5.html]
[koeln.ccc.de/archiv/cyphernomicon/chapter14/14.6.html]
[koeln.ccc.de/archiv/cyphernomicon/chapter14/14.7.html]
[koeln.ccc.de/archiv/cyphernomicon/chapter14/14.8.html]
[koeln.ccc.de/archiv/cyphernomicon/chapter14/14.9.html]
[koeln.ccc.de/archiv/cyphernomicon/chapter14/14.10.html]
[koeln.ccc.de/archiv/cyphernomicon/chapter14/14.11.html]
[koeln.ccc.de/archiv/cyphernomicon/chapter14/14.12.html]
[koeln.ccc.de/archiv/cyphernomicon/chapter15/15.1.html]
[koeln.ccc.de/archiv/cyphernomicon/chapter15/15.2.html]
[koeln.ccc.de/archiv/cyphernomicon/chapter15/15.3.html]
[koeln.ccc.de/archiv/cyphernomicon/chapter15/15.4.html]
[koeln.ccc.de/archiv/cyphernomicon/chapter15/15.5.html]
[koeln.ccc.de/archiv/cyphernomicon/chapter15/15.6.html]
[koeln.ccc.de/archiv/cyphernomicon/chapter15/15.7.html]
[koeln.ccc.de/archiv/cyphernomicon/chapter15/15.8.html]
[koeln.ccc.de/archiv/cyphernomicon/chapter15/15.9.html]
[koeln.ccc.de/archiv/cyphernomicon/chapter15/15.10.html]
[koeln.ccc.de/archiv/cyphernomicon/chapter15/15.11.html]
[koeln.ccc.de/archiv/cyphernomicon/chapter16/16.1.html]
[koeln.ccc.de/archiv/cyphernomicon/chapter16/16.2.html]
[koeln.ccc.de/archiv/cyphernomicon/chapter16/16.3.html]
[koeln.ccc.de/archiv/cyphernomicon/chapter16/16.4.html]
[koeln.ccc.de/archiv/cyphernomicon/chapter16/16.5.html]
[koeln.ccc.de/archiv/cyphernomicon/chapter16/16.6.html]
[koeln.ccc.de/archiv/cyphernomicon/chapter16/16.7.html]
[koeln.ccc.de/archiv/cyphernomicon/chapter16/16.8.html]
[koeln.ccc.de/archiv/cyphernomicon/chapter16/16.9.html]
[koeln.ccc.de/archiv/cyphernomicon/chapter16/16.10.html]
[koeln.ccc.de/archiv/cyphernomicon/chapter16/16.11.html]
[koeln.ccc.de/archiv/cyphernomicon/chapter16/16.12.html]
[koeln.ccc.de/archiv/cyphernomicon/chapter16/16.13.html]
[koeln.ccc.de/archiv/cyphernomicon/chapter16/16.14.html]
[koeln.ccc.de/archiv/cyphernomicon/chapter16/16.15.html]
[koeln.ccc.de/archiv/cyphernomicon/chapter16/16.16.html]
[koeln.ccc.de/archiv/cyphernomicon/chapter16/16.17.html]
[koeln.ccc.de/archiv/cyphernomicon/chapter16/16.18.html]
[koeln.ccc.de/archiv/cyphernomicon/chapter16/16.19.html]
[koeln.ccc.de/archiv/cyphernomicon/chapter16/16.20.html]
[koeln.ccc.de/archiv/cyphernomicon/chapter16/16.21.html]
[koeln.ccc.de/archiv/cyphernomicon/chapter16/16.22.html]
[koeln.ccc.de/archiv/cyphernomicon/chapter16/16.23.html]
[koeln.ccc.de/archiv/cyphernomicon/chapter16/16.24.html]
[koeln.ccc.de/archiv/cyphernomicon/chapter16/16.25.html]
[koeln.ccc.de/archiv/cyphernomicon/chapter16/16.26.html]
[koeln.ccc.de/archiv/cyphernomicon/chapter16/16.27.html]
[koeln.ccc.de/archiv/cyphernomicon/chapter16/16.28.html]
[koeln.ccc.de/archiv/cyphernomicon/chapter16/16.29.html]
[koeln.ccc.de/archiv/cyphernomicon/chapter16/16.30.html]
[koeln.ccc.de/archiv/cyphernomicon/chapter17/17.1.html]
[koeln.ccc.de/archiv/cyphernomicon/chapter17/17.2.html]
[koeln.ccc.de/archiv/cyphernomicon/chapter17/17.3.html]
[koeln.ccc.de/archiv/cyphernomicon/chapter17/17.4.html]
[koeln.ccc.de/archiv/cyphernomicon/chapter17/17.5.html]
[koeln.ccc.de/archiv/cyphernomicon/chapter17/17.6.html]
[koeln.ccc.de/archiv/cyphernomicon/chapter17/17.7.html]
[koeln.ccc.de/archiv/cyphernomicon/chapter17/17.8.html]
[koeln.ccc.de/archiv/cyphernomicon/chapter17/17.9.html]
[koeln.ccc.de/archiv/cyphernomicon/chapter17/17.10.html]
[koeln.ccc.de/archiv/cyphernomicon/chapter17/17.11.html]
[koeln.ccc.de/archiv/cyphernomicon/chapter17/17.12.html]
[koeln.ccc.de/archiv/cyphernomicon/chapter17/17.13.html]
[koeln.ccc.de/archiv/cyphernomicon/chapter17/17.14.html]
[koeln.ccc.de/archiv/cyphernomicon/chapter18/18.1.html]
[koeln.ccc.de/archiv/cyphernomicon/chapter18/18.2.html]
[koeln.ccc.de/archiv/cyphernomicon/chapter18/18.3.html]
[koeln.ccc.de/archiv/cyphernomicon/chapter18/18.4.html]
[koeln.ccc.de/archiv/cyphernomicon/chapter18/18.5.html]
[koeln.ccc.de/archiv/cyphernomicon/chapter18/18.6.html]
[koeln.ccc.de/archiv/cyphernomicon/chapter18/18.7.html]
[koeln.ccc.de/archiv/cyphernomicon/chapter18/18.8.html]
[koeln.ccc.de/archiv/cyphernomicon/chapter18/18.9.html]
[koeln.ccc.de/archiv/cyphernomicon/chapter18/18.10.html]
[koeln.ccc.de/archiv/cyphernomicon/chapter18/18.11.html]
[koeln.ccc.de/archiv/cyphernomicon/chapter18/18.12.html]
[koeln.ccc.de/archiv/cyphernomicon/chapter18/18.13.html]
[koeln.ccc.de/archiv/cyphernomicon/chapter18/18.14.html]
[koeln.ccc.de/archiv/cyphernomicon/chapter18/18.15.html]
[koeln.ccc.de/archiv/cyphernomicon/chapter18/18.16.html]
[koeln.ccc.de/archiv/cyphernomicon/chapter18/18.17.html]
[koeln.ccc.de/archiv/cyphernomicon/chapter18/18.18.html]
[koeln.ccc.de/archiv/cyphernomicon/chapter19/19.1.html]
[koeln.ccc.de/archiv/cyphernomicon/chapter19/19.2.html]
[koeln.ccc.de/archiv/cyphernomicon/chapter19/19.3.html]
[koeln.ccc.de/archiv/cyphernomicon/chapter19/19.4.html]
[koeln.ccc.de/archiv/cyphernomicon/chapter19/19.5.html]
[koeln.ccc.de/archiv/cyphernomicon/chapter19/19.6.html]
[koeln.ccc.de/archiv/cyphernomicon/chapter19/19.7.html]
[koeln.ccc.de/archiv/cyphernomicon/chapter19/19.8.html]
[koeln.ccc.de/archiv/cyphernomicon/chapter20/20.2.html]
[koeln.ccc.de/archiv/cyphernomicon/chapter20/20.3.html]
[koeln.ccc.de/archiv/cyphernomicon/chapter20/20.4.html]
[koeln.ccc.de/archiv/cyphernomicon/chapter20/20.5.html]
[koeln.ccc.de/archiv/cyphernomicon/chapter20/20.6.html]
[koeln.ccc.de/archiv/cyphernomicon/chapter20/20.7.html]
[koeln.ccc.de/archiv/cyphernomicon/chapter20/20.8.html]
[koeln.ccc.de/archiv/cyphernomicon/chapter20/19.8.html]
[koeln.ccc.de/archiv/cyphernomicon/chapter20/.html]
